Copyright 1986-2022 Xilinx, Inc. All Rights Reserved. Copyright 2022-2023 Advanced Micro Devices, Inc. All Rights Reserved.
---------------------------------------------------------------------------------------------------------------------------------------------
| Tool Version : Vivado v.2023.1 (lin64) Build 3865809 Sun May  7 15:04:56 MDT 2023
| Date         : Mon May 13 19:57:33 2024
| Host         : franz-MS-7C02 running 64-bit Ubuntu 20.04.5 LTS
| Command      : report_drc -file bd_0_wrapper_drc_routed.rpt -pb bd_0_wrapper_drc_routed.pb -rpx bd_0_wrapper_drc_routed.rpx
| Design       : bd_0_wrapper
| Device       : xcvc1902-vsva2197-2MP-e-S
| Speed File   : -2MP
| Design State : Fully Routed
---------------------------------------------------------------------------------------------------------------------------------------------

Report DRC

Table of Contents
-----------------
1. REPORT SUMMARY
2. REPORT DETAILS

1. REPORT SUMMARY
-----------------
            Netlist: netlist
          Floorplan: checkpoint_bd_0_wrapper
      Design limits: <entire design considered>
           Ruledeck: default
             Max violations: <unlimited>
             Violations found: 1
+-----------+----------+-------------------+------------+
| Rule      | Severity | Description       | Violations |
+-----------+----------+-------------------+------------+
| RTSTAT-10 | Warning  | No routable loads | 1          |
+-----------+----------+-------------------+------------+

2. REPORT DETAILS
-----------------
RTSTAT-10#1 Warning
No routable loads  
45 net(s) have no routable loads. The problem bus(es) and/or net(s) are bd_0_i/hls_inst/inst/fmadd_32ns_32ns_32ns_32ns_32_1_primitive_dsp_1_U1/mac_fmadd_32ns_32ns_32ns_32ns_32_1_primitive_dsp_1_ip_u/inst/i_synth/UFMA_OP.OP/i_prim/FPA_OUT[0],
bd_0_i/hls_inst/inst/fmadd_32ns_32ns_32ns_32ns_32_1_primitive_dsp_1_U1/mac_fmadd_32ns_32ns_32ns_32ns_32_1_primitive_dsp_1_ip_u/inst/i_synth/UFMA_OP.OP/i_prim/FPA_OUT[10],
bd_0_i/hls_inst/inst/fmadd_32ns_32ns_32ns_32ns_32_1_primitive_dsp_1_U1/mac_fmadd_32ns_32ns_32ns_32ns_32_1_primitive_dsp_1_ip_u/inst/i_synth/UFMA_OP.OP/i_prim/FPA_OUT[11],
bd_0_i/hls_inst/inst/fmadd_32ns_32ns_32ns_32ns_32_1_primitive_dsp_1_U1/mac_fmadd_32ns_32ns_32ns_32ns_32_1_primitive_dsp_1_ip_u/inst/i_synth/UFMA_OP.OP/i_prim/FPA_OUT[12],
bd_0_i/hls_inst/inst/fmadd_32ns_32ns_32ns_32ns_32_1_primitive_dsp_1_U1/mac_fmadd_32ns_32ns_32ns_32ns_32_1_primitive_dsp_1_ip_u/inst/i_synth/UFMA_OP.OP/i_prim/FPA_OUT[13],
bd_0_i/hls_inst/inst/fmadd_32ns_32ns_32ns_32ns_32_1_primitive_dsp_1_U1/mac_fmadd_32ns_32ns_32ns_32ns_32_1_primitive_dsp_1_ip_u/inst/i_synth/UFMA_OP.OP/i_prim/FPA_OUT[14],
bd_0_i/hls_inst/inst/fmadd_32ns_32ns_32ns_32ns_32_1_primitive_dsp_1_U1/mac_fmadd_32ns_32ns_32ns_32ns_32_1_primitive_dsp_1_ip_u/inst/i_synth/UFMA_OP.OP/i_prim/FPA_OUT[1],
bd_0_i/hls_inst/inst/fmadd_32ns_32ns_32ns_32ns_32_1_primitive_dsp_1_U1/mac_fmadd_32ns_32ns_32ns_32ns_32_1_primitive_dsp_1_ip_u/inst/i_synth/UFMA_OP.OP/i_prim/FPA_OUT[2],
bd_0_i/hls_inst/inst/fmadd_32ns_32ns_32ns_32ns_32_1_primitive_dsp_1_U1/mac_fmadd_32ns_32ns_32ns_32ns_32_1_primitive_dsp_1_ip_u/inst/i_synth/UFMA_OP.OP/i_prim/FPA_OUT[3],
bd_0_i/hls_inst/inst/fmadd_32ns_32ns_32ns_32ns_32_1_primitive_dsp_1_U1/mac_fmadd_32ns_32ns_32ns_32ns_32_1_primitive_dsp_1_ip_u/inst/i_synth/UFMA_OP.OP/i_prim/FPA_OUT[4],
bd_0_i/hls_inst/inst/fmadd_32ns_32ns_32ns_32ns_32_1_primitive_dsp_1_U1/mac_fmadd_32ns_32ns_32ns_32ns_32_1_primitive_dsp_1_ip_u/inst/i_synth/UFMA_OP.OP/i_prim/FPA_OUT[5],
bd_0_i/hls_inst/inst/fmadd_32ns_32ns_32ns_32ns_32_1_primitive_dsp_1_U1/mac_fmadd_32ns_32ns_32ns_32ns_32_1_primitive_dsp_1_ip_u/inst/i_synth/UFMA_OP.OP/i_prim/FPA_OUT[6],
bd_0_i/hls_inst/inst/fmadd_32ns_32ns_32ns_32ns_32_1_primitive_dsp_1_U1/mac_fmadd_32ns_32ns_32ns_32ns_32_1_primitive_dsp_1_ip_u/inst/i_synth/UFMA_OP.OP/i_prim/FPA_OUT[7],
bd_0_i/hls_inst/inst/fmadd_32ns_32ns_32ns_32ns_32_1_primitive_dsp_1_U1/mac_fmadd_32ns_32ns_32ns_32ns_32_1_primitive_dsp_1_ip_u/inst/i_synth/UFMA_OP.OP/i_prim/FPA_OUT[8],
bd_0_i/hls_inst/inst/fmadd_32ns_32ns_32ns_32ns_32_1_primitive_dsp_1_U1/mac_fmadd_32ns_32ns_32ns_32ns_32_1_primitive_dsp_1_ip_u/inst/i_synth/UFMA_OP.OP/i_prim/FPA_OUT[9]
 (the first 15 of 34 listed nets/buses).
Related violations: <none>


