Copyright 1986-2022 Xilinx, Inc. All Rights Reserved. Copyright 2022-2023 Advanced Micro Devices, Inc. All Rights Reserved.
------------------------------------------------------------------------------------------------------------------------------------------------------------
| Tool Version : Vivado v.2023.1 (lin64) Build 3865809 Sun May  7 15:04:56 MDT 2023
| Date         : Mon Jun  3 17:59:49 2024
| Host         : ubuntu-MS-7D30 running 64-bit Ubuntu 20.04.4 LTS
| Command      : report_accelerator_utilization -kernels { mac:vitis_design_i/mac_1/inst:mac_1} -file kernel_util_routed.rpt -name kernel_util_routed -json
| Design       : vitis_design_wrapper
| Device       : xcvc1902
| Design State : Fully Placed
------------------------------------------------------------------------------------------------------------------------------------------------------------

Accelerator Utilization Design Information

Table of Contents
-----------------
1. System Utilization

1. System Utilization
---------------------

+---------------------+-------------------+------------------+------------------+---------------+---------------+
| Name                | REG               | LUT              | LUTAsMem         | BRAM          | URAM          |
+---------------------+-------------------+------------------+------------------+---------------+---------------+
| Platform            |    2914 [  0.16%] |   2196 [  0.24%] |      9 [ <0.01%] |   0 [  0.00%] |   0 [  0.00%] |
| User Budget         | 1796766 [100.00%] | 897644 [100.00%] | 449911 [100.00%] | 967 [100.00%] | 463 [100.00%] |
|    Used Resources   |    2676 [  0.15%] |   2263 [  0.25%] |    504 [  0.11%] |   1 [  0.10%] |   0 [  0.00%] |
|    Unused Resources | 1794090 [ 99.85%] | 895381 [ 99.75%] | 449407 [ 99.89%] | 966 [ 99.90%] | 463 [100.00%] |
| mac                 |    2676 [  0.15%] |   2263 [  0.25%] |    504 [  0.11%] |   1 [  0.10%] |   0 [  0.00%] |
|    mac_1            |    2676 [  0.15%] |   2263 [  0.25%] |    504 [  0.11%] |   1 [  0.10%] |   0 [  0.00%] |
+---------------------+-------------------+------------------+------------------+---------------+---------------+


