

================================================================
== Synthesis Summary Report of 'add'
================================================================
+ General Information: 
    * Date:           Sun May  5 12:49:12 2024
    * Version:        2023.1 (Build 3854077 on May  4 2023)
    * Project:        hls_component
    * Solution:       hls (Vivado IP Flow Target)
    * Product family: versalaicore
    * Target device:  xcvc1902-vsva2197-2MP-e-S
    

+ Performance & Resource Estimates: 
    
    PS: '+' for module; 'o' for loop; '*' for dataflow
    +--------+------+------+---------+--------+----------+---------+------+----------+------+----+---+----------+-----+
    | Modules| Issue|      | Latency | Latency| Iteration|         | Trip |          |      |    |   |          |     |
    | & Loops| Type | Slack| (cycles)|  (ns)  |  Latency | Interval| Count| Pipelined| BRAM | DSP| FF|    LUT   | URAM|
    +--------+------+------+---------+--------+----------+---------+------+----------+------+----+---+----------+-----+
    |+ add   |     -|  6.41|        0|   0.000|         -|        1|     -|        no|     -|   -|  -|  32 (~0%)|    -|
    +--------+------+------+---------+--------+----------+---------+------+----------+------+----+---+----------+-----+


================================================================
== HW Interfaces
================================================================
* Other Ports
+-----------+---------+-----------+----------+
| Port      | Mode    | Direction | Bitwidth |
+-----------+---------+-----------+----------+
| a         | ap_none | in        | 32       |
| ap_return |         | out       | 32       |
| b         | ap_none | in        | 32       |
+-----------+---------+-----------+----------+

* TOP LEVEL CONTROL
+-----------+------------+-----------------------------------+
| Interface | Type       | Ports                             |
+-----------+------------+-----------------------------------+
| ap_ctrl   | ap_ctrl_hs | ap_done ap_idle ap_ready ap_start |
+-----------+------------+-----------------------------------+


================================================================
== SW I/O Information
================================================================
* Top Function Arguments
+----------+-----------+----------+
| Argument | Direction | Datatype |
+----------+-----------+----------+
| a        | in        | int      |
| b        | in        | int      |
| return   | out       | int      |
+----------+-----------+----------+

* SW-to-HW Mapping
+----------+--------------+---------+
| Argument | HW Interface | HW Type |
+----------+--------------+---------+
| a        | a            | port    |
| b        | b            | port    |
| return   | ap_return    | port    |
+----------+--------------+---------+


================================================================
== Bind Op Report
================================================================
+-------------+-----+--------+----------+-----+--------+---------+
| Name        | DSP | Pragma | Variable | Op  | Impl   | Latency |
+-------------+-----+--------+----------+-----+--------+---------+
| + add       | 0   |        |          |     |        |         |
|   ap_return | -   |        | add_ln5  | add | fabric | 0       |
+-------------+-----+--------+----------+-----+--------+---------+


================================================================
== Bind Storage Report
================================================================
  No bind storage info in design

================================================================
== Pragma Report
================================================================
  No pragmas found

