Copyright 1986-2022 Xilinx, Inc. All Rights Reserved. Copyright 2022-2023 Advanced Micro Devices, Inc. All Rights Reserved.
--------------------------------------------------------------------------------------------------------------------------------------------------
| Tool Version      : Vivado v.2023.1 (lin64) Build 3865809 Sun May  7 15:04:56 MDT 2023
| Date              : Sun May  5 22:28:50 2024
| Host              : franz-MS-7C02 running 64-bit Ubuntu 20.04.5 LTS
| Command           : report_timing -max_paths 10 -file ./report/add_timing_paths_routed.rpt
| Design            : bd_0_wrapper
| Device            : xcvc1902-vsva2197
| Speed File        : -2MP  PRODUCTION 2.11 2022-11-23
| Design State      : Routed
| Temperature Grade : E
--------------------------------------------------------------------------------------------------------------------------------------------------

Timing Report

Slack (MET) :             9.312ns  (required time - arrival time)
  Source:                 b[0]
                            (input port)
  Destination:            ap_return[29]
  Path Group:             **default**
  Path Type:              Max at Slow Process Corner
  Requirement:            10.000ns  (MaxDelay Path 10.000ns)
  Data Path Delay:        0.688ns  (logic 0.578ns (84.012%)  route 0.110ns (15.988%))
  Logic Levels:           7  (LOOKAHEAD8=4 LUTCY1=1 LUTCY2=2)
  Output Delay:           0.000ns
  Timing Exception:       MaxDelay Path 10.000ns

    Location             Delay type                Incr(ns)  Path(ns)    Netlist Resource(s)
  -------------------------------------------------------------------    -------------------
                                                      0.000     0.000 r  b[0] (IN)
                         net (fo=1, unset)            0.035     0.035    bd_0_i/hls_inst/inst/ap_return[0]_INST_0/I2
    SLICE_X183Y136       LUTCY2 (Prop_A6LUT_SLICEM_I2_GE)
                                                      0.088     0.123 r  bd_0_i/hls_inst/inst/ap_return[0]_INST_0/LUTCY2_INST/GE
                         net (fo=1, routed)           0.036     0.159    bd_0_i/hls_inst/inst/ap_return[0]_INST_0_n_0
    SLICE_X183Y136       LOOKAHEAD8 (Prop_LOOKAHEAD8_SLICEM_GEA_COUTH)
                                                      0.242     0.401 r  bd_0_i/hls_inst/inst/ap_return[8]_INST_0_i_1/COUTH
                         net (fo=3, routed)           0.001     0.402    bd_0_i/hls_inst/inst/ap_return[8]_INST_0_i_1_n_3
    SLICE_X183Y137       LOOKAHEAD8 (Prop_LOOKAHEAD8_SLICEM_CIN_COUTH)
                                                      0.040     0.442 r  bd_0_i/hls_inst/inst/ap_return[16]_INST_0_i_1/COUTH
                         net (fo=3, routed)           0.001     0.443    bd_0_i/hls_inst/inst/ap_return[16]_INST_0_i_1_n_3
    SLICE_X183Y138       LOOKAHEAD8 (Prop_LOOKAHEAD8_SLICEM_CIN_COUTH)
                                                      0.040     0.483 r  bd_0_i/hls_inst/inst/ap_return[24]_INST_0_i_1/COUTH
                         net (fo=3, routed)           0.001     0.484    bd_0_i/hls_inst/inst/ap_return[24]_INST_0_i_1_n_3
    SLICE_X183Y139       LOOKAHEAD8 (Prop_LOOKAHEAD8_SLICEM_CIN_COUTD)
                                                      0.042     0.526 r  bd_0_i/hls_inst/inst/ap_return[30]_INST_0_i_1/COUTD
                         net (fo=2, routed)           0.014     0.540    bd_0_i/hls_inst/inst/ap_return[28]_INST_0/I4
    SLICE_X183Y139       LUTCY2 (Prop_E6LUT_SLICEM_I4_O)
                                                      0.058     0.598 r  bd_0_i/hls_inst/inst/ap_return[28]_INST_0/LUTCY2_INST/O
                         net (fo=3, routed)           0.022     0.620    bd_0_i/hls_inst/inst/ap_return[29]_INST_0/I4
    SLICE_X183Y139       LUTCY1 (Prop_F5LUT_SLICEM_I4_O)
                                                      0.068     0.688 r  bd_0_i/hls_inst/inst/ap_return[29]_INST_0/LUTCY1_INST/O
                         net (fo=0)                   0.000     0.688    ap_return[29]
                                                                      r  ap_return[29] (OUT)
  -------------------------------------------------------------------    -------------------

                         max delay                   10.000    10.000    
                         clock pessimism              0.000    10.000    
                         output delay                -0.000    10.000    
  -------------------------------------------------------------------
                         required time                         10.000    
                         arrival time                          -0.688    
  -------------------------------------------------------------------
                         slack                                  9.312    

Slack (MET) :             9.314ns  (required time - arrival time)
  Source:                 b[0]
                            (input port)
  Destination:            ap_return[31]
  Path Group:             **default**
  Path Type:              Max at Slow Process Corner
  Requirement:            10.000ns  (MaxDelay Path 10.000ns)
  Data Path Delay:        0.686ns  (logic 0.582ns (84.840%)  route 0.104ns (15.160%))
  Logic Levels:           7  (LOOKAHEAD8=4 LUTCY1=1 LUTCY2=2)
  Output Delay:           0.000ns
  Timing Exception:       MaxDelay Path 10.000ns

    Location             Delay type                Incr(ns)  Path(ns)    Netlist Resource(s)
  -------------------------------------------------------------------    -------------------
                                                      0.000     0.000 r  b[0] (IN)
                         net (fo=1, unset)            0.035     0.035    bd_0_i/hls_inst/inst/ap_return[0]_INST_0/I2
    SLICE_X183Y136       LUTCY2 (Prop_A6LUT_SLICEM_I2_GE)
                                                      0.088     0.123 r  bd_0_i/hls_inst/inst/ap_return[0]_INST_0/LUTCY2_INST/GE
                         net (fo=1, routed)           0.036     0.159    bd_0_i/hls_inst/inst/ap_return[0]_INST_0_n_0
    SLICE_X183Y136       LOOKAHEAD8 (Prop_LOOKAHEAD8_SLICEM_GEA_COUTH)
                                                      0.242     0.401 r  bd_0_i/hls_inst/inst/ap_return[8]_INST_0_i_1/COUTH
                         net (fo=3, routed)           0.001     0.402    bd_0_i/hls_inst/inst/ap_return[8]_INST_0_i_1_n_3
    SLICE_X183Y137       LOOKAHEAD8 (Prop_LOOKAHEAD8_SLICEM_CIN_COUTH)
                                                      0.040     0.442 r  bd_0_i/hls_inst/inst/ap_return[16]_INST_0_i_1/COUTH
                         net (fo=3, routed)           0.001     0.443    bd_0_i/hls_inst/inst/ap_return[16]_INST_0_i_1_n_3
    SLICE_X183Y138       LOOKAHEAD8 (Prop_LOOKAHEAD8_SLICEM_CIN_COUTH)
                                                      0.040     0.483 r  bd_0_i/hls_inst/inst/ap_return[24]_INST_0_i_1/COUTH
                         net (fo=3, routed)           0.001     0.484    bd_0_i/hls_inst/inst/ap_return[24]_INST_0_i_1_n_3
    SLICE_X183Y139       LOOKAHEAD8 (Prop_LOOKAHEAD8_SLICEM_CIN_COUTF)
                                                      0.053     0.537 r  bd_0_i/hls_inst/inst/ap_return[30]_INST_0_i_1/COUTF
                         net (fo=2, routed)           0.013     0.550    bd_0_i/hls_inst/inst/ap_return[30]_INST_0/I4
    SLICE_X183Y139       LUTCY2 (Prop_G6LUT_SLICEM_I4_O)
                                                      0.053     0.603 r  bd_0_i/hls_inst/inst/ap_return[30]_INST_0/LUTCY2_INST/O
                         net (fo=3, routed)           0.017     0.620    bd_0_i/hls_inst/inst/ap_return[31]_INST_0/I4
    SLICE_X183Y139       LUTCY1 (Prop_H5LUT_SLICEM_I4_O)
                                                      0.066     0.686 r  bd_0_i/hls_inst/inst/ap_return[31]_INST_0/LUTCY1_INST/O
                         net (fo=0)                   0.000     0.686    ap_return[31]
                                                                      r  ap_return[31] (OUT)
  -------------------------------------------------------------------    -------------------

                         max delay                   10.000    10.000    
                         clock pessimism              0.000    10.000    
                         output delay                -0.000    10.000    
  -------------------------------------------------------------------
                         required time                         10.000    
                         arrival time                          -0.686    
  -------------------------------------------------------------------
                         slack                                  9.314    

Slack (MET) :             9.317ns  (required time - arrival time)
  Source:                 b[0]
                            (input port)
  Destination:            ap_return[27]
  Path Group:             **default**
  Path Type:              Max at Slow Process Corner
  Requirement:            10.000ns  (MaxDelay Path 10.000ns)
  Data Path Delay:        0.683ns  (logic 0.581ns (85.066%)  route 0.102ns (14.934%))
  Logic Levels:           7  (LOOKAHEAD8=4 LUTCY1=1 LUTCY2=2)
  Output Delay:           0.000ns
  Timing Exception:       MaxDelay Path 10.000ns

    Location             Delay type                Incr(ns)  Path(ns)    Netlist Resource(s)
  -------------------------------------------------------------------    -------------------
                                                      0.000     0.000 r  b[0] (IN)
                         net (fo=1, unset)            0.035     0.035    bd_0_i/hls_inst/inst/ap_return[0]_INST_0/I2
    SLICE_X183Y136       LUTCY2 (Prop_A6LUT_SLICEM_I2_GE)
                                                      0.088     0.123 r  bd_0_i/hls_inst/inst/ap_return[0]_INST_0/LUTCY2_INST/GE
                         net (fo=1, routed)           0.036     0.159    bd_0_i/hls_inst/inst/ap_return[0]_INST_0_n_0
    SLICE_X183Y136       LOOKAHEAD8 (Prop_LOOKAHEAD8_SLICEM_GEA_COUTH)
                                                      0.242     0.401 r  bd_0_i/hls_inst/inst/ap_return[8]_INST_0_i_1/COUTH
                         net (fo=3, routed)           0.001     0.402    bd_0_i/hls_inst/inst/ap_return[8]_INST_0_i_1_n_3
    SLICE_X183Y137       LOOKAHEAD8 (Prop_LOOKAHEAD8_SLICEM_CIN_COUTH)
                                                      0.040     0.442 r  bd_0_i/hls_inst/inst/ap_return[16]_INST_0_i_1/COUTH
                         net (fo=3, routed)           0.001     0.443    bd_0_i/hls_inst/inst/ap_return[16]_INST_0_i_1_n_3
    SLICE_X183Y138       LOOKAHEAD8 (Prop_LOOKAHEAD8_SLICEM_CIN_COUTH)
                                                      0.040     0.483 r  bd_0_i/hls_inst/inst/ap_return[24]_INST_0_i_1/COUTH
                         net (fo=3, routed)           0.001     0.484    bd_0_i/hls_inst/inst/ap_return[24]_INST_0_i_1_n_3
    SLICE_X183Y139       LOOKAHEAD8 (Prop_LOOKAHEAD8_SLICEM_CIN_COUTB)
                                                      0.051     0.535 r  bd_0_i/hls_inst/inst/ap_return[30]_INST_0_i_1/COUTB
                         net (fo=2, routed)           0.013     0.548    bd_0_i/hls_inst/inst/ap_return[26]_INST_0/I4
    SLICE_X183Y139       LUTCY2 (Prop_C6LUT_SLICEM_I4_O)
                                                      0.054     0.602 r  bd_0_i/hls_inst/inst/ap_return[26]_INST_0/LUTCY2_INST/O
                         net (fo=3, routed)           0.015     0.617    bd_0_i/hls_inst/inst/ap_return[27]_INST_0/I4
    SLICE_X183Y139       LUTCY1 (Prop_D5LUT_SLICEM_I4_O)
                                                      0.066     0.683 r  bd_0_i/hls_inst/inst/ap_return[27]_INST_0/LUTCY1_INST/O
                         net (fo=0)                   0.000     0.683    ap_return[27]
                                                                      r  ap_return[27] (OUT)
  -------------------------------------------------------------------    -------------------

                         max delay                   10.000    10.000    
                         clock pessimism              0.000    10.000    
                         output delay                -0.000    10.000    
  -------------------------------------------------------------------
                         required time                         10.000    
                         arrival time                          -0.683    
  -------------------------------------------------------------------
                         slack                                  9.317    

Slack (MET) :             9.353ns  (required time - arrival time)
  Source:                 b[0]
                            (input port)
  Destination:            ap_return[21]
  Path Group:             **default**
  Path Type:              Max at Slow Process Corner
  Requirement:            10.000ns  (MaxDelay Path 10.000ns)
  Data Path Delay:        0.647ns  (logic 0.538ns (83.153%)  route 0.109ns (16.847%))
  Logic Levels:           6  (LOOKAHEAD8=3 LUTCY1=1 LUTCY2=2)
  Output Delay:           0.000ns
  Timing Exception:       MaxDelay Path 10.000ns

    Location             Delay type                Incr(ns)  Path(ns)    Netlist Resource(s)
  -------------------------------------------------------------------    -------------------
                                                      0.000     0.000 r  b[0] (IN)
                         net (fo=1, unset)            0.035     0.035    bd_0_i/hls_inst/inst/ap_return[0]_INST_0/I2
    SLICE_X183Y136       LUTCY2 (Prop_A6LUT_SLICEM_I2_GE)
                                                      0.088     0.123 r  bd_0_i/hls_inst/inst/ap_return[0]_INST_0/LUTCY2_INST/GE
                         net (fo=1, routed)           0.036     0.159    bd_0_i/hls_inst/inst/ap_return[0]_INST_0_n_0
    SLICE_X183Y136       LOOKAHEAD8 (Prop_LOOKAHEAD8_SLICEM_GEA_COUTH)
                                                      0.242     0.401 r  bd_0_i/hls_inst/inst/ap_return[8]_INST_0_i_1/COUTH
                         net (fo=3, routed)           0.001     0.402    bd_0_i/hls_inst/inst/ap_return[8]_INST_0_i_1_n_3
    SLICE_X183Y137       LOOKAHEAD8 (Prop_LOOKAHEAD8_SLICEM_CIN_COUTH)
                                                      0.040     0.442 r  bd_0_i/hls_inst/inst/ap_return[16]_INST_0_i_1/COUTH
                         net (fo=3, routed)           0.001     0.443    bd_0_i/hls_inst/inst/ap_return[16]_INST_0_i_1_n_3
    SLICE_X183Y138       LOOKAHEAD8 (Prop_LOOKAHEAD8_SLICEM_CIN_COUTD)
                                                      0.042     0.485 r  bd_0_i/hls_inst/inst/ap_return[24]_INST_0_i_1/COUTD
                         net (fo=2, routed)           0.014     0.499    bd_0_i/hls_inst/inst/ap_return[20]_INST_0/I4
    SLICE_X183Y138       LUTCY2 (Prop_E6LUT_SLICEM_I4_O)
                                                      0.058     0.557 r  bd_0_i/hls_inst/inst/ap_return[20]_INST_0/LUTCY2_INST/O
                         net (fo=3, routed)           0.022     0.579    bd_0_i/hls_inst/inst/ap_return[21]_INST_0/I4
    SLICE_X183Y138       LUTCY1 (Prop_F5LUT_SLICEM_I4_O)
                                                      0.068     0.647 r  bd_0_i/hls_inst/inst/ap_return[21]_INST_0/LUTCY1_INST/O
                         net (fo=0)                   0.000     0.647    ap_return[21]
                                                                      r  ap_return[21] (OUT)
  -------------------------------------------------------------------    -------------------

                         max delay                   10.000    10.000    
                         clock pessimism              0.000    10.000    
                         output delay                -0.000    10.000    
  -------------------------------------------------------------------
                         required time                         10.000    
                         arrival time                          -0.647    
  -------------------------------------------------------------------
                         slack                                  9.353    

Slack (MET) :             9.355ns  (required time - arrival time)
  Source:                 b[0]
                            (input port)
  Destination:            ap_return[23]
  Path Group:             **default**
  Path Type:              Max at Slow Process Corner
  Requirement:            10.000ns  (MaxDelay Path 10.000ns)
  Data Path Delay:        0.645ns  (logic 0.542ns (84.031%)  route 0.103ns (15.969%))
  Logic Levels:           6  (LOOKAHEAD8=3 LUTCY1=1 LUTCY2=2)
  Output Delay:           0.000ns
  Timing Exception:       MaxDelay Path 10.000ns

    Location             Delay type                Incr(ns)  Path(ns)    Netlist Resource(s)
  -------------------------------------------------------------------    -------------------
                                                      0.000     0.000 r  b[0] (IN)
                         net (fo=1, unset)            0.035     0.035    bd_0_i/hls_inst/inst/ap_return[0]_INST_0/I2
    SLICE_X183Y136       LUTCY2 (Prop_A6LUT_SLICEM_I2_GE)
                                                      0.088     0.123 r  bd_0_i/hls_inst/inst/ap_return[0]_INST_0/LUTCY2_INST/GE
                         net (fo=1, routed)           0.036     0.159    bd_0_i/hls_inst/inst/ap_return[0]_INST_0_n_0
    SLICE_X183Y136       LOOKAHEAD8 (Prop_LOOKAHEAD8_SLICEM_GEA_COUTH)
                                                      0.242     0.401 r  bd_0_i/hls_inst/inst/ap_return[8]_INST_0_i_1/COUTH
                         net (fo=3, routed)           0.001     0.402    bd_0_i/hls_inst/inst/ap_return[8]_INST_0_i_1_n_3
    SLICE_X183Y137       LOOKAHEAD8 (Prop_LOOKAHEAD8_SLICEM_CIN_COUTH)
                                                      0.040     0.442 r  bd_0_i/hls_inst/inst/ap_return[16]_INST_0_i_1/COUTH
                         net (fo=3, routed)           0.001     0.443    bd_0_i/hls_inst/inst/ap_return[16]_INST_0_i_1_n_3
    SLICE_X183Y138       LOOKAHEAD8 (Prop_LOOKAHEAD8_SLICEM_CIN_COUTF)
                                                      0.053     0.496 r  bd_0_i/hls_inst/inst/ap_return[24]_INST_0_i_1/COUTF
                         net (fo=2, routed)           0.013     0.509    bd_0_i/hls_inst/inst/ap_return[22]_INST_0/I4
    SLICE_X183Y138       LUTCY2 (Prop_G6LUT_SLICEM_I4_O)
                                                      0.053     0.562 r  bd_0_i/hls_inst/inst/ap_return[22]_INST_0/LUTCY2_INST/O
                         net (fo=3, routed)           0.017     0.579    bd_0_i/hls_inst/inst/ap_return[23]_INST_0/I4
    SLICE_X183Y138       LUTCY1 (Prop_H5LUT_SLICEM_I4_O)
                                                      0.066     0.645 r  bd_0_i/hls_inst/inst/ap_return[23]_INST_0/LUTCY1_INST/O
                         net (fo=0)                   0.000     0.645    ap_return[23]
                                                                      r  ap_return[23] (OUT)
  -------------------------------------------------------------------    -------------------

                         max delay                   10.000    10.000    
                         clock pessimism              0.000    10.000    
                         output delay                -0.000    10.000    
  -------------------------------------------------------------------
                         required time                         10.000    
                         arrival time                          -0.645    
  -------------------------------------------------------------------
                         slack                                  9.355    

Slack (MET) :             9.358ns  (required time - arrival time)
  Source:                 b[0]
                            (input port)
  Destination:            ap_return[19]
  Path Group:             **default**
  Path Type:              Max at Slow Process Corner
  Requirement:            10.000ns  (MaxDelay Path 10.000ns)
  Data Path Delay:        0.642ns  (logic 0.541ns (84.268%)  route 0.101ns (15.732%))
  Logic Levels:           6  (LOOKAHEAD8=3 LUTCY1=1 LUTCY2=2)
  Output Delay:           0.000ns
  Timing Exception:       MaxDelay Path 10.000ns

    Location             Delay type                Incr(ns)  Path(ns)    Netlist Resource(s)
  -------------------------------------------------------------------    -------------------
                                                      0.000     0.000 r  b[0] (IN)
                         net (fo=1, unset)            0.035     0.035    bd_0_i/hls_inst/inst/ap_return[0]_INST_0/I2
    SLICE_X183Y136       LUTCY2 (Prop_A6LUT_SLICEM_I2_GE)
                                                      0.088     0.123 r  bd_0_i/hls_inst/inst/ap_return[0]_INST_0/LUTCY2_INST/GE
                         net (fo=1, routed)           0.036     0.159    bd_0_i/hls_inst/inst/ap_return[0]_INST_0_n_0
    SLICE_X183Y136       LOOKAHEAD8 (Prop_LOOKAHEAD8_SLICEM_GEA_COUTH)
                                                      0.242     0.401 r  bd_0_i/hls_inst/inst/ap_return[8]_INST_0_i_1/COUTH
                         net (fo=3, routed)           0.001     0.402    bd_0_i/hls_inst/inst/ap_return[8]_INST_0_i_1_n_3
    SLICE_X183Y137       LOOKAHEAD8 (Prop_LOOKAHEAD8_SLICEM_CIN_COUTH)
                                                      0.040     0.442 r  bd_0_i/hls_inst/inst/ap_return[16]_INST_0_i_1/COUTH
                         net (fo=3, routed)           0.001     0.443    bd_0_i/hls_inst/inst/ap_return[16]_INST_0_i_1_n_3
    SLICE_X183Y138       LOOKAHEAD8 (Prop_LOOKAHEAD8_SLICEM_CIN_COUTB)
                                                      0.051     0.494 r  bd_0_i/hls_inst/inst/ap_return[24]_INST_0_i_1/COUTB
                         net (fo=2, routed)           0.013     0.507    bd_0_i/hls_inst/inst/ap_return[18]_INST_0/I4
    SLICE_X183Y138       LUTCY2 (Prop_C6LUT_SLICEM_I4_O)
                                                      0.054     0.561 r  bd_0_i/hls_inst/inst/ap_return[18]_INST_0/LUTCY2_INST/O
                         net (fo=3, routed)           0.015     0.576    bd_0_i/hls_inst/inst/ap_return[19]_INST_0/I4
    SLICE_X183Y138       LUTCY1 (Prop_D5LUT_SLICEM_I4_O)
                                                      0.066     0.642 r  bd_0_i/hls_inst/inst/ap_return[19]_INST_0/LUTCY1_INST/O
                         net (fo=0)                   0.000     0.642    ap_return[19]
                                                                      r  ap_return[19] (OUT)
  -------------------------------------------------------------------    -------------------

                         max delay                   10.000    10.000    
                         clock pessimism              0.000    10.000    
                         output delay                -0.000    10.000    
  -------------------------------------------------------------------
                         required time                         10.000    
                         arrival time                          -0.642    
  -------------------------------------------------------------------
                         slack                                  9.358    

Slack (MET) :             9.381ns  (required time - arrival time)
  Source:                 b[0]
                            (input port)
  Destination:            ap_return[25]
  Path Group:             **default**
  Path Type:              Max at Slow Process Corner
  Requirement:            10.000ns  (MaxDelay Path 10.000ns)
  Data Path Delay:        0.619ns  (logic 0.529ns (85.460%)  route 0.090ns (14.540%))
  Logic Levels:           6  (LOOKAHEAD8=3 LUTCY1=1 LUTCY2=2)
  Output Delay:           0.000ns
  Timing Exception:       MaxDelay Path 10.000ns

    Location             Delay type                Incr(ns)  Path(ns)    Netlist Resource(s)
  -------------------------------------------------------------------    -------------------
                                                      0.000     0.000 r  b[0] (IN)
                         net (fo=1, unset)            0.035     0.035    bd_0_i/hls_inst/inst/ap_return[0]_INST_0/I2
    SLICE_X183Y136       LUTCY2 (Prop_A6LUT_SLICEM_I2_GE)
                                                      0.088     0.123 r  bd_0_i/hls_inst/inst/ap_return[0]_INST_0/LUTCY2_INST/GE
                         net (fo=1, routed)           0.036     0.159    bd_0_i/hls_inst/inst/ap_return[0]_INST_0_n_0
    SLICE_X183Y136       LOOKAHEAD8 (Prop_LOOKAHEAD8_SLICEM_GEA_COUTH)
                                                      0.242     0.401 r  bd_0_i/hls_inst/inst/ap_return[8]_INST_0_i_1/COUTH
                         net (fo=3, routed)           0.001     0.402    bd_0_i/hls_inst/inst/ap_return[8]_INST_0_i_1_n_3
    SLICE_X183Y137       LOOKAHEAD8 (Prop_LOOKAHEAD8_SLICEM_CIN_COUTH)
                                                      0.040     0.442 r  bd_0_i/hls_inst/inst/ap_return[16]_INST_0_i_1/COUTH
                         net (fo=3, routed)           0.001     0.443    bd_0_i/hls_inst/inst/ap_return[16]_INST_0_i_1_n_3
    SLICE_X183Y138       LOOKAHEAD8 (Prop_LOOKAHEAD8_SLICEM_CIN_COUTH)
                                                      0.040     0.483 r  bd_0_i/hls_inst/inst/ap_return[24]_INST_0_i_1/COUTH
                         net (fo=3, routed)           0.001     0.484    bd_0_i/hls_inst/inst/ap_return[24]_INST_0/I4
    SLICE_X183Y139       LUTCY2 (Prop_A6LUT_SLICEM_I4_O)
                                                      0.052     0.536 r  bd_0_i/hls_inst/inst/ap_return[24]_INST_0/LUTCY2_INST/O
                         net (fo=3, routed)           0.016     0.552    bd_0_i/hls_inst/inst/ap_return[25]_INST_0/I4
    SLICE_X183Y139       LUTCY1 (Prop_B5LUT_SLICEM_I4_O)
                                                      0.067     0.619 r  bd_0_i/hls_inst/inst/ap_return[25]_INST_0/LUTCY1_INST/O
                         net (fo=0)                   0.000     0.619    ap_return[25]
                                                                      r  ap_return[25] (OUT)
  -------------------------------------------------------------------    -------------------

                         max delay                   10.000    10.000    
                         clock pessimism              0.000    10.000    
                         output delay                -0.000    10.000    
  -------------------------------------------------------------------
                         required time                         10.000    
                         arrival time                          -0.619    
  -------------------------------------------------------------------
                         slack                                  9.381    

Slack (MET) :             9.389ns  (required time - arrival time)
  Source:                 b[0]
                            (input port)
  Destination:            ap_return[30]
  Path Group:             **default**
  Path Type:              Max at Slow Process Corner
  Requirement:            10.000ns  (MaxDelay Path 10.000ns)
  Data Path Delay:        0.611ns  (logic 0.524ns (85.761%)  route 0.087ns (14.239%))
  Logic Levels:           6  (LOOKAHEAD8=4 LUTCY1=1 LUTCY2=1)
  Output Delay:           0.000ns
  Timing Exception:       MaxDelay Path 10.000ns

    Location             Delay type                Incr(ns)  Path(ns)    Netlist Resource(s)
  -------------------------------------------------------------------    -------------------
                                                      0.000     0.000 r  b[0] (IN)
                         net (fo=1, unset)            0.035     0.035    bd_0_i/hls_inst/inst/ap_return[0]_INST_0/I2
    SLICE_X183Y136       LUTCY2 (Prop_A6LUT_SLICEM_I2_GE)
                                                      0.088     0.123 r  bd_0_i/hls_inst/inst/ap_return[0]_INST_0/LUTCY2_INST/GE
                         net (fo=1, routed)           0.036     0.159    bd_0_i/hls_inst/inst/ap_return[0]_INST_0_n_0
    SLICE_X183Y136       LOOKAHEAD8 (Prop_LOOKAHEAD8_SLICEM_GEA_COUTH)
                                                      0.242     0.401 r  bd_0_i/hls_inst/inst/ap_return[8]_INST_0_i_1/COUTH
                         net (fo=3, routed)           0.001     0.402    bd_0_i/hls_inst/inst/ap_return[8]_INST_0_i_1_n_3
    SLICE_X183Y137       LOOKAHEAD8 (Prop_LOOKAHEAD8_SLICEM_CIN_COUTH)
                                                      0.040     0.442 r  bd_0_i/hls_inst/inst/ap_return[16]_INST_0_i_1/COUTH
                         net (fo=3, routed)           0.001     0.443    bd_0_i/hls_inst/inst/ap_return[16]_INST_0_i_1_n_3
    SLICE_X183Y138       LOOKAHEAD8 (Prop_LOOKAHEAD8_SLICEM_CIN_COUTH)
                                                      0.040     0.483 r  bd_0_i/hls_inst/inst/ap_return[24]_INST_0_i_1/COUTH
                         net (fo=3, routed)           0.001     0.484    bd_0_i/hls_inst/inst/ap_return[24]_INST_0_i_1_n_3
    SLICE_X183Y139       LOOKAHEAD8 (Prop_LOOKAHEAD8_SLICEM_CIN_COUTF)
                                                      0.053     0.537 r  bd_0_i/hls_inst/inst/ap_return[30]_INST_0_i_1/COUTF
                         net (fo=2, routed)           0.013     0.550    bd_0_i/hls_inst/inst/ap_return[30]_INST_0/I4
    SLICE_X183Y139       LUTCY1 (Prop_G5LUT_SLICEM_I4_O)
                                                      0.061     0.611 r  bd_0_i/hls_inst/inst/ap_return[30]_INST_0/LUTCY1_INST/O
                         net (fo=0)                   0.000     0.611    ap_return[30]
                                                                      r  ap_return[30] (OUT)
  -------------------------------------------------------------------    -------------------

                         max delay                   10.000    10.000    
                         clock pessimism              0.000    10.000    
                         output delay                -0.000    10.000    
  -------------------------------------------------------------------
                         required time                         10.000    
                         arrival time                          -0.611    
  -------------------------------------------------------------------
                         slack                                  9.389    

Slack (MET) :             9.391ns  (required time - arrival time)
  Source:                 b[0]
                            (input port)
  Destination:            ap_return[26]
  Path Group:             **default**
  Path Type:              Max at Slow Process Corner
  Requirement:            10.000ns  (MaxDelay Path 10.000ns)
  Data Path Delay:        0.609ns  (logic 0.522ns (85.714%)  route 0.087ns (14.286%))
  Logic Levels:           6  (LOOKAHEAD8=4 LUTCY1=1 LUTCY2=1)
  Output Delay:           0.000ns
  Timing Exception:       MaxDelay Path 10.000ns

    Location             Delay type                Incr(ns)  Path(ns)    Netlist Resource(s)
  -------------------------------------------------------------------    -------------------
                                                      0.000     0.000 r  b[0] (IN)
                         net (fo=1, unset)            0.035     0.035    bd_0_i/hls_inst/inst/ap_return[0]_INST_0/I2
    SLICE_X183Y136       LUTCY2 (Prop_A6LUT_SLICEM_I2_GE)
                                                      0.088     0.123 r  bd_0_i/hls_inst/inst/ap_return[0]_INST_0/LUTCY2_INST/GE
                         net (fo=1, routed)           0.036     0.159    bd_0_i/hls_inst/inst/ap_return[0]_INST_0_n_0
    SLICE_X183Y136       LOOKAHEAD8 (Prop_LOOKAHEAD8_SLICEM_GEA_COUTH)
                                                      0.242     0.401 r  bd_0_i/hls_inst/inst/ap_return[8]_INST_0_i_1/COUTH
                         net (fo=3, routed)           0.001     0.402    bd_0_i/hls_inst/inst/ap_return[8]_INST_0_i_1_n_3
    SLICE_X183Y137       LOOKAHEAD8 (Prop_LOOKAHEAD8_SLICEM_CIN_COUTH)
                                                      0.040     0.442 r  bd_0_i/hls_inst/inst/ap_return[16]_INST_0_i_1/COUTH
                         net (fo=3, routed)           0.001     0.443    bd_0_i/hls_inst/inst/ap_return[16]_INST_0_i_1_n_3
    SLICE_X183Y138       LOOKAHEAD8 (Prop_LOOKAHEAD8_SLICEM_CIN_COUTH)
                                                      0.040     0.483 r  bd_0_i/hls_inst/inst/ap_return[24]_INST_0_i_1/COUTH
                         net (fo=3, routed)           0.001     0.484    bd_0_i/hls_inst/inst/ap_return[24]_INST_0_i_1_n_3
    SLICE_X183Y139       LOOKAHEAD8 (Prop_LOOKAHEAD8_SLICEM_CIN_COUTB)
                                                      0.051     0.535 r  bd_0_i/hls_inst/inst/ap_return[30]_INST_0_i_1/COUTB
                         net (fo=2, routed)           0.013     0.548    bd_0_i/hls_inst/inst/ap_return[26]_INST_0/I4
    SLICE_X183Y139       LUTCY1 (Prop_C5LUT_SLICEM_I4_O)
                                                      0.061     0.609 r  bd_0_i/hls_inst/inst/ap_return[26]_INST_0/LUTCY1_INST/O
                         net (fo=0)                   0.000     0.609    ap_return[26]
                                                                      r  ap_return[26] (OUT)
  -------------------------------------------------------------------    -------------------

                         max delay                   10.000    10.000    
                         clock pessimism              0.000    10.000    
                         output delay                -0.000    10.000    
  -------------------------------------------------------------------
                         required time                         10.000    
                         arrival time                          -0.609    
  -------------------------------------------------------------------
                         slack                                  9.391    

Slack (MET) :             9.394ns  (required time - arrival time)
  Source:                 b[0]
                            (input port)
  Destination:            ap_return[13]
  Path Group:             **default**
  Path Type:              Max at Slow Process Corner
  Requirement:            10.000ns  (MaxDelay Path 10.000ns)
  Data Path Delay:        0.606ns  (logic 0.498ns (82.178%)  route 0.108ns (17.822%))
  Logic Levels:           5  (LOOKAHEAD8=2 LUTCY1=1 LUTCY2=2)
  Output Delay:           0.000ns
  Timing Exception:       MaxDelay Path 10.000ns

    Location             Delay type                Incr(ns)  Path(ns)    Netlist Resource(s)
  -------------------------------------------------------------------    -------------------
                                                      0.000     0.000 r  b[0] (IN)
                         net (fo=1, unset)            0.035     0.035    bd_0_i/hls_inst/inst/ap_return[0]_INST_0/I2
    SLICE_X183Y136       LUTCY2 (Prop_A6LUT_SLICEM_I2_GE)
                                                      0.088     0.123 r  bd_0_i/hls_inst/inst/ap_return[0]_INST_0/LUTCY2_INST/GE
                         net (fo=1, routed)           0.036     0.159    bd_0_i/hls_inst/inst/ap_return[0]_INST_0_n_0
    SLICE_X183Y136       LOOKAHEAD8 (Prop_LOOKAHEAD8_SLICEM_GEA_COUTH)
                                                      0.242     0.401 r  bd_0_i/hls_inst/inst/ap_return[8]_INST_0_i_1/COUTH
                         net (fo=3, routed)           0.001     0.402    bd_0_i/hls_inst/inst/ap_return[8]_INST_0_i_1_n_3
    SLICE_X183Y137       LOOKAHEAD8 (Prop_LOOKAHEAD8_SLICEM_CIN_COUTD)
                                                      0.042     0.444 r  bd_0_i/hls_inst/inst/ap_return[16]_INST_0_i_1/COUTD
                         net (fo=2, routed)           0.014     0.458    bd_0_i/hls_inst/inst/ap_return[12]_INST_0/I4
    SLICE_X183Y137       LUTCY2 (Prop_E6LUT_SLICEM_I4_O)
                                                      0.058     0.516 r  bd_0_i/hls_inst/inst/ap_return[12]_INST_0/LUTCY2_INST/O
                         net (fo=3, routed)           0.022     0.538    bd_0_i/hls_inst/inst/ap_return[13]_INST_0/I4
    SLICE_X183Y137       LUTCY1 (Prop_F5LUT_SLICEM_I4_O)
                                                      0.068     0.606 r  bd_0_i/hls_inst/inst/ap_return[13]_INST_0/LUTCY1_INST/O
                         net (fo=0)                   0.000     0.606    ap_return[13]
                                                                      r  ap_return[13] (OUT)
  -------------------------------------------------------------------    -------------------

                         max delay                   10.000    10.000    
                         clock pessimism              0.000    10.000    
                         output delay                -0.000    10.000    
  -------------------------------------------------------------------
                         required time                         10.000    
                         arrival time                          -0.606    
  -------------------------------------------------------------------
                         slack                                  9.394    




