# ---------------------------------------------------------------------------
# Created on Wed May 29 22:26:38 CEST 2024 with report_failfast (2021.05.07)
# ---------------------------------------------------------------------------

 +-------------------------------------------------------------------------------------------------------------------------------------------------------------------------------------------+
 | Clock Buffers (BUFGCE / BUFGCE_DIV / BUFGCTRL)                                                                                                                                            |
 +-------------+-------------------------------+--------+-------+--------+-------------------------------------------------------------------------------------------------------------------+
 | Driver Type | Driver Pin                    | Net    | Slack | Fanout | Load Pins                                                                                                         |
 +-------------+-------------------------------+--------+-------+--------+-------------------------------------------------------------------------------------------------------------------+
 | BUFGCE      | ap_clk_BUFGCE_inst_LOPT_OOC/O | ap_clk | N/A   | 3222   | FDRE/C (2657) FDSE/C (9) RAMB18E5_INT/CLKARDCLK (2) RAMB18E5_INT/CLKBWRCLK (2) SRL16E/CLK (110) SRLC32E/CLK (442) |
 +-------------+-------------------------------+--------+-------+--------+-------------------------------------------------------------------------------------------------------------------+
